197
650 -674 -68 787 -507 861 136 1592 -165 -446 214 -1137 995 -1184 -653 17 18 387 383 495 964 831 450 -311 -452 -197 -937 -186 -646 -509 -348 1172 686 735 -951 817 -332 305 -739 -773 -632 530 -528 -26 864 614 679 -267 -670 -588 407 244 746 1529 -169 -16 -230 -392 116 -790 -359 -1265 192 -1447 1164 1459 -373 596 -821 507 -1283 -244 -353 7 786 -320 -752 -537 1095 -67 -1017 573 473 662 428 25 -530 -738 1016 -170 706 -186 -69 1387 -73 184 465 -436 888 163 -560 -969 9 1369 258 1139 814 -105 -1043 704 -758 1075 -1029 -941 298 1080 722 747 -937 -127 -873 -678 614 516 -933 864 -187 -511 -289 -64 251 -53 -170 534 -1139 -211 476 -506 356 37 54 1417 -507 -542 812 -271 502 -762 -1613 403 1138 381 -58 716 246 -1571 -325 -225 105 -896 -700 356 617 826 326 -314 -425 265 -263 1332 -912 -276 651 16 1464 -996 711 -1093 1604 -235 673 1602 -813 -692 164 -31 313 580 -299 873 -541 341 -337 -1005 2035 -68 60