103
336 135 -34 -1395 390 1252 -289 -458 -1185 643 -327 -363 -801 -744 -299 413 1133 -334 412 350 -321 -98 -1631 819 -421 662 966 -917 787 -1398 -432 -123 -531 -1076 -836 -172 138 -203 606 451 -51 52 246 754 -534 817 -230 347 -1130 -284 764 522 757 437 39 296 1114 -204 -1099 -776 -1278 756 136 374 -1248 -781 12 799 -152 373 -838 -1661 -23 417 -870 -586 396 690 -59 292 -109 -319 -323 1277 -93 -72 -156 1032 993 1214 -322 -212 633 1328 123 -141 554 -327 -64 1065 -513 -1211 774