190
-219 -108 -989 -412 -804 858 -235 -734 571 635 -1046 -532 522 -290 687 197 -348 536 -352 -191 -119 871 -140 119 237 103 97 -234 837 964 594 309 -451 -447 -609 336 58 -146 -240 -25 -93 -206 -197 263 -132 -1494 725 -1652 -817 -781 -1536 147 -220 17 280 -735 138 -584 172 -383 267 67 507 1064 691 1033 364 -391 241 310 -1838 581 -139 -125 192 -226 732 355 -357 908 -794 1016 56 424 -46 -243 485 -177 -594 7 776 819 -897 889 -576 740 -85 -1280 1025 9 -1202 139 -683 1231 -1298 -466 -369 -136 529 245 -82 -290 122 265 -233 -44 1473 -1053 -4 288 -194 873 -96 -914 431 -9 878 491 -140 922 551 168 50 -137 207 856 -246 -202 146 -91 -160 562 744 208 276 1159 -745 380 -570 -517 606 -412 337 -643 -153 -282 327 -336 -297 -211 576 1199 -53 -471 -111 -862 421 -1104 -309 535 765 -1055 727 -346 1427 1492 700 -299 673 -794 566 -824 -231 -34 1207 486 566 -1022 375 -720