138
170 -466 486 316 44 230 666 -598 400 354 154 -120 273 218 597 398 454 -486 203 -173 1223 545 580 -124 -519 -85 -132 577 57 -301 -417 -169 -591 684 232 646 -314 186 -225 -354 -173 596 797 -193 200 -2 -759 -78 747 673 845 -990 -3 908 929 -317 164 27 -381 264 -238 -272 -32 -588 -236 268 317 -325 -586 611 -415 1192 -17 -592 -429 -45 -432 -713 421 -947 -422 55 377 -252 -959 -179 -628 590 -609 -363 173 796 -215 20 1107 -619 -159 -494 -313 -343 -1400 1005 -322 317 605 229 1201 764 602 -268 -801 -281 -26 342 731 -670 1317 201 -350 -193 -1097 -390 466 -321 76 372 1062 25 -1123 295 -1554 -395 -1083 -910 1301 -459 -277 177