148
76 211 71 220 483 396 -1549 -299 -1276 678 -560 -849 488 -505 -383 -42 -211 619 421 -173 -244 392 -180 456 773 246 -231 968 39 41 -174 -299 293 -860 -418 -290 -35 220 319 1043 -116 -58 327 -669 15 303 -644 -226 -98 -142 633 257 339 326 -1263 17 423 540 270 -614 -706 -464 -314 -71 617 -20 31 -362 59 270 -452 25 -232 -151 208 652 1166 661 566 -67 741 -230 -43 -261 -1030 -204 285 -311 25 -372 -721 -155 479 -1087 -910 318 -1103 -79 -302 -256 202 258 -260 534 -400 65 -505 -675 -484 -712 417 -729 669 -634 657 -606 103 243 946 79 307 46 -258 -527 155 -1008 -42 262 -215 -120 -93 -306 -239 -281 389 -42 189 261 246 -152 273 -568 55 124 400 639 764 50