101
1194 1118 272 81 595 -741 -466 706 704 -324 432 343 -388 193 -578 -175 885 188 -63 155 -1625 479 170 -258 264 -293 68 -462 -187 60 -1399 412 -1017 -293 612 315 21 172 -229 1154 886 54 132 120 425 79 -291 1123 316 -237 -1287 -743 -997 -600 695 578 -306 -1059 1291 -428 -368 412 -376 625 28 57 827 -397 -273 682 -123 -434 246 -133 -125 122 161 -313 177 472 361 1594 261 -158 -646 31 -351 -88 -1839 381 -105 -99 277 -360 -421 -160 655 432 -217 -492 1310