171
1531 -741 368 114 -1094 -252 1054 1163 1344 -1648 -410 727 1179 -524 1005 613 -1095 403 -104 178 -634 312 294 -14 116 -279 -395 122 -705 -123 -451 -804 -101 -1242 229 -383 -192 591 -735 287 545 534 250 -435 -690 161 93 -355 891 -1040 -252 -893 372 772 -639 -390 -1580 -155 -347 -353 298 -191 608 234 -966 -462 573 443 -889 405 1321 316 -744 233 -2234 -34 1088 1525 -312 137 380 -599 -231 891 -863 612 -234 363 1110 -197 253 1156 517 113 -255 67 402 -579 -104 -1073 835 -449 -34 -309 -955 -665 -996 -408 229 285 -235 412 112 -181 -38 -33 -1077 1597 1157 569 562 964 78 -159 -640 539 261 -774 -742 502 261 -27 -604 22 837 271 -205 -237 -302 211 -834 942 -33 -223 106 21 -488 -541 -221 -181 410 780 -317 -201 1060 -782 45 875 894 -182 -1186 -301 -514 551 -244 -135 -1311 718 -731 244 22