196
-255 191 964 -15 -323 773 410 -441 -340 119 -10 -298 266 -90 363 869 302 -749 -13 446 -527 -511 51 -812 168 -534 -1388 -332 -932 1687 -1497 -24 -725 59 135 -449 -1733 -295 36 -38 704 915 -404 162 98 644 -840 -598 263 45 492 -184 290 -831 1016 -590 -150 288 400 565 -233 -339 1078 1219 416 -125 -858 103 -515 433 -315 192 917 685 263 -1091 676 113 -98 -1571 542 316 -499 172 583 -556 -399 799 1267 1033 -102 200 -198 741 -655 300 184 605 706 14 304 109 -723 -286 -596 588 15 253 -361 -998 -694 24 -1172 788 -216 1552 -1325 520 -233 304 306 475 -405 1372 1239 -38 -278 350 -272 -244 158 205 -217 -184 -1234 -414 1443 174 -676 350 -1221 -227 197 247 515 -189 -683 1207 -868 -410 -1339 401 901 -691 -1394 389 527 -414 785 -37 -304 1003 942 -601 -85 -31 -212 401 629 -504 95 1446 -821 -907 584 -57 949 780 -567 694 -763 -323 -802 791 155 85 -1046 1130 -237 81 623 -510 -367 -212 -196 -583