154
600 -57 -689 -96 -585 1 -221 -131 1980 2011 -844 -28 -373 95 241 787 -714 202 332 888 -863 -1093 530 -1347 -87 513 -487 -491 -314 1027 30 267 379 305 368 -1064 -92 276 746 742 -1210 -107 273 -35 -249 691 -418 440 -205 10 -45 318 123 -1489 232 589 -445 -45 -131 -11 -505 446 718 -239 -387 726 1319 -614 -92 282 148 -1478 -285 -588 66 3 -738 -604 -34 560 -639 50 462 -32 -258 -173 347 128 605 97 -1045 249 239 97 -154 -221 -422 -2096 -281 277 541 426 -228 -369 -1745 -857 -542 -734 447 -121 174 -402 -45 -641 -52 -347 -271 824 -2 -330 141 -563 1356 -40 -1042 -1472 328 -186 234 702 -184 251 939 -254 219 -47 -96 499 -287 -1171 139 532 -134 441 -2597 -479 -791 191 485 248 -967 1099 -1100 -51