173
-640 584 -28 -469 647 -259 1005 -96 -1072 -749 86 979 -1469 -759 -1538 549 660 1141 29 268 793 -844 359 655 -308 51 281 -1075 -445 -771 -17 -523 -244 -72 -10 -14 594 -1313 -168 91 665 270 -757 360 -104 205 784 -692 21 -647 -14 543 -582 -990 341 -181 -74 1345 -1599 -1077 826 -652 -114 -56 1250 908 224 1323 -1609 70 21 -122 -471 34 917 800 -1327 -1103 957 334 -59 937 -279 464 -723 1243 -710 -821 -1400 -747 -911 841 414 63 1259 -407 -520 758 854 -962 -246 -168 -480 287 -227 -729 34 1601 682 326 -16 771 993 -1090 -235 -211 1510 -512 898 267 380 946 389 569 886 -291 -475 395 733 -561 -796 821 -516 -691 1065 723 494 797 589 -50 939 560 -493 -818 -122 -347 -100 2352 385 1558 -90 -124 -1442 924 -349 -117 592 553 -30 422 -262 -891 98 -272 792 -3 -265 988 168 -803 1293 560 330